+------------------------------------------------------+
|  Abysslink Status                                    |
|                                                      |
|    ✕  Tailscale           not running                |
|    ●  Tailscale SSH       enabled                    |
|    ●  Tailnet Lock        enabled                    |
|    ●  ntfy                enabled                    |
|    ✕  Disk Encryption     unknown                    |
|                                                      |
|  2026-01-01T00:00:00Z                                |
+------------------------------------------------------+

