+------------------------------------------------------+
|  abysslink up  preview only — run with --apply to    |
|  make changes                                        |
+------------------------------------------------------+

  ◌  Scanning 20 modules...
  →  tailscale         1 change: install tailscale
  →  tmux              2 changes
  ✓  power             up to date
  ✓  hardening         up to date
  ✓  atuin             up to date
  ✓  sandbox           up to date
  ✓  asciinema         up to date
  ✓  ssh               up to date
  →  mosh              1 change: install mosh
  →  acl               1 change: ensure tailnet ACL restricts tag:mobile → tag:laptop to tcp/22 + tcp/2586 + udp/60000-61000
  ✓  lock              up to date
  →  ntfy              1 change: ACTION REQUIRED: install Docker Desktop or configure ntfy.sh in abysslink.yaml
  ✓  code-server       up to date
  ✓  ttyd              up to date
  ✓  eternal-terminal  up to date
  ✓  syncthing         up to date
  ✓  upsnap            up to date
  →  notify            1 change: start ntfy service
  →  watch             1 change: configure pane watchers
  ✓  claudecode        up to date
  ────────────────────────────────────────────────
  8 changes planned

  →  tailscale     install tailscale
  →  tmux          install tmux
  →  tmux          write ~/.tmux.conf if changed
  →  mosh          install mosh
  →  acl           ensure tailnet ACL restricts tag:mobile → tag:laptop to tcp/22 + tcp/2586 + udp/60000-61000
  →  ntfy          ACTION REQUIRED: install Docker Desktop or configure ntfy.sh in abysslink.yaml
  →  notify        start ntfy service
  →  watch         configure pane watchers

  Run   abysslink up --apply   to apply 8 changes.
+------------------------------------------------------+
|                                                      |
|  Next steps                                          |
|                                                      |
|  Tailscale is not installed                          |
|                                                      |
|  Install from:  https://tailscale.com/download       |
|  Then re-run:  abysslink up --apply                  |
|                                                      |
+------------------------------------------------------+

